// Jest Snapshot v1, https://goo.gl/fbAQLP

exports[`Snapshot 1`] = `
Object {
  "Conditions": Object {
    "AwsCdkKinesisEncryptedStreamsUnsupportedRegions": Object {
      "Fn::Or": Array [
        Object {
          "Fn::Equals": Array [
            Object {
              "Ref": "AWS::Region",
            },
            "cn-north-1",
          ],
        },
        Object {
          "Fn::Equals": Array [
            Object {
              "Ref": "AWS::Region",
            },
            "cn-northwest-1",
          ],
        },
      ],
    },
  },
  "Resources": Object {
    "Stream862536A4": Object {
      "Properties": Object {
        "RetentionPeriodHours": 24,
        "ShardCount": 1,
        "StreamEncryption": Object {
          "Fn::If": Array [
            "AwsCdkKinesisEncryptedStreamsUnsupportedRegions",
            Object {
              "Ref": "AWS::NoValue",
            },
            Object {
              "EncryptionType": "KMS",
              "KeyId": "alias/aws/kinesis",
            },
          ],
        },
      },
      "Type": "AWS::Kinesis::Stream",
    },
  },
}
`;
